Microchip MPLAB XC8 Compiler V2.41

Linker command line:

-W-3 \
  --edf=C:\Program Files\Microchip\xc8\v2.41\pic\dat\20230208172133_en.msgs \
  -cn -h+dist/default/production\smart_Home.X.production.sym \
  --cmf=dist/default/production\smart_Home.X.production.cmf -z -Q18F46K20 \
  -oC:\Users\T-BOX\AppData\Local\Temp\xcAsms.\driver_tmp_3.o \
  --defsym=__MPLAB_BUILD=1 --fixupoverflow=error \
  -Mdist/default/production/smart_Home.X.production.map \
  --md=C:\Users\T-BOX\AppData\Local\Temp\xcAsms.\driver_tmp_0.dat -E1 \
  -ver=XC8 Compiler --acfsm=1493 -ACODE=00h-0FFFFh -ACONST=00h-0FFFFh \
  -ASMALLCONST=01000h-010FFhx240 -AMEDIUMCONST=01000h-0FFFFh \
  -ACOMRAM=01h-05Fh -AABS1=00h-0F5Fh -ABIGRAM=01h-0F5Fh \
  -ARAM=060h-0FFh,0100h-01FFhx14,0F00h-0F5Fh -ABANK0=060h-0FFh \
  -ABANK1=0100h-01FFh -ABANK2=0200h-02FFh -ABANK3=0300h-03FFh \
  -ABANK4=0400h-04FFh -ABANK5=0500h-05FFh -ABANK6=0600h-06FFh \
  -ABANK7=0700h-07FFh -ABANK8=0800h-08FFh -ABANK9=0900h-09FFh \
  -ABANK10=0A00h-0AFFh -ABANK11=0B00h-0BFFh -ABANK12=0C00h-0CFFh \
  -ABANK13=0D00h-0DFFh -ABANK14=0E00h-0EFFh -ABANK15=0F00h-0F5Fh \
  -ASFR=0F60h-0FFFh -ABIGSFR=0F60h-0FFFh -ACONFIG=0300000h-030000Dh \
  -AIDLOC=0200000h-0200007h -AEEDATA=0F00000h-0F003FFh -peeprom_data=EEDATA \
  -preset_vec=00h,intcode=08h,intcodelo,powerup,init -pramtop=01000h \
  -psmallconst=SMALLCONST -pmediumconst=MEDIUMCONST -pconst=CONST \
  -AFARRAM=00h-00h \
  -prdata=COMRAM,nvrram=COMRAM,nvbit=COMRAM,rbss=COMRAM,rbit=COMRAM \
  -pfarbss=FARRAM,fardata=FARRAM,nvFARRAM=FARRAM \
  -pintsave_regs=BIGRAM,bigbss=BIGRAM,bigdata=BIGRAM -pbss=RAM \
  -pidata=CODE,irdata=CODE,ibigdata=CODE,ifardata=CODE -prparam=COMRAM \
  C:\Users\T-BOX\AppData\Local\Temp\xcAsms.\driver_tmp_9.o \
  dist/default/production\smart_Home.X.production.o 

Object code version is 3.11

Machine type is 18F46K20



                Name                               Link     Load   Length Selector   Space Scale
C:\Users\T-BOX\AppData\Local\Temp\xcAsms.\driver_tmp_9.o
                idloc                            200000   200000        8        0       5
                config                           300000   300000        E        0       4
                init                                 B6       B6        4        4       0
                reset_vec                             0        0        4        0       0
dist/default/production\smart_Home.X.production.o
                intcode                               8        8       AE        4       0
                idloc                            200000   200000        8        0       5
                config                           300000   300000        E        0       4
                temp                                 4A       4A        1        1       1
                smallconst                         1000     1000       40      800       0
                text72                             1BDE     1BDE        4      820       0
                text71                             1BDA     1BDA        4      820       0
                text70                             19DC     19DC       22      820       0
                text69                             1596     1596       76      820       0
                text68                             1A76     1A76       18      820       0
                text67                             194A     194A       2C      820       0
                text66                             191E     191E       2C      820       0
                text65                             18F2     18F2       2C      820       0
                text64                             18C6     18C6       2C      820       0
                text63                             1826     1826       40      820       0
                text62                             1BD6     1BD6        4      820       0
                text61                             1BD2     1BD2        4      820       0
                text60                             1BCE     1BCE        4      820       0
                text59                             1BA8     1BA8        6      820       0
                text58                             1BCA     1BCA        4      820       0
                text57                             1BA2     1BA2        6      820       0
                text56                             1B94     1B94        8      820       0
                text55                             1ACE     1ACE       14      820       0
                text54                             1BC6     1BC6        4      820       0
                text53                             14A4     14A4       7A      820       0
                text52                             1B42     1B42        A      820       0
                text51                             1AE2     1AE2        E      820       0
                text50                             1AF0     1AF0        C      820       0
                text49                             1114     1114       BE      820       0
                text48                             11D2     11D2       A4      820       0
                text47                             1B38     1B38        A      820       0
                text46                             1B8C     1B8C        8      820       0
                text45                             1B84     1B84        8      820       0
                text44                             1B7C     1B7C        8      820       0
                text43                             1B74     1B74        8      820       0
                text42                             1B6C     1B6C        8      820       0
                text41                             1B64     1B64        8      820       0
                text40                             1B5C     1B5C        8      820       0
                text39                             1B2E     1B2E        A      820       0
                text38                             16DC     16DC       64      820       0
                text37                             1BC2     1BC2        4      820       0
                text36                             1674     1674       68      820       0
                text35                             1B9C     1B9C        6      820       0
                text33                             1BBE     1BBE        4      820       0
                text32                             1BBA     1BBA        4      820       0
                text31                             1BB6     1BB6        4      820       0
                text30                             1898     1898       2E      820       0
                text29                             1BB2     1BB2        4      820       0
                text28                             17E2     17E2       44      820       0
                text27                             1B54     1B54        8      820       0
                text26                             1BAE     1BAE        4      820       0
                text25                             19BA     19BA       22      820       0
                text24                             1B24     1B24        A      820       0
                text23                             1276     1276       A2      820       0
                text22                             142A     142A       7A      820       0
                text21                             1A5E     1A5E       18      820       0
                text20                             1998     1998       22      820       0
                text19                             1A46     1A46       18      820       0
                text18                             13A8     13A8       82      820       0
                text17                             1A2E     1A2E       18      820       0
                text16                             151E     151E       78      820       0
                text15                             1AA4     1AA4       16      820       0
                text14                             1A16     1A16       18      820       0
                text13                             1740     1740       5E      820       0
                text12                             1318     1318       90      820       0
                text11                             160C     160C       68      820       0
                text10                             1B1A     1B1A        A      820       0
                text9                              1B10     1B10        A      820       0
                text8                              1B06     1B06        A      820       0
                text7                              179E     179E       44      820       0
                text6                              1ABA     1ABA       14      820       0
                text5                              1B4C     1B4C        8      820       0
                text4                              1AFC     1AFC        A      820       0
                text3                              1866     1866       32      820       0
                text2                              1A8E     1A8E       16      820       0
                text1                              19FE     19FE       18      820       0
                text0                              1040     1040       D4      820       0
                cstackCOMRAM                         31       31       19        1       1
                cstackBANK0                          78       78       14       60       1
                bssBANK0                             60       60       18       60       1
                bssCOMRAM                             1        1       30        1       1
                cinit                              1976     1976       22      820       0
                nvBANK0                              8C       8C        6       60       1

TOTAL           Name                               Link     Load   Length     Space
        CLASS   CODE           
                intcode                               8        8       AE         0
                init                                 B6       B6        4         0
                reset_vec                             0        0        4         0
                text72                             1BDE     1BDE        4         0
                text71                             1BDA     1BDA        4         0
                text70                             19DC     19DC       22         0
                text69                             1596     1596       76         0
                text68                             1A76     1A76       18         0
                text67                             194A     194A       2C         0
                text66                             191E     191E       2C         0
                text65                             18F2     18F2       2C         0
                text64                             18C6     18C6       2C         0
                text63                             1826     1826       40         0
                text62                             1BD6     1BD6        4         0
                text61                             1BD2     1BD2        4         0
                text60                             1BCE     1BCE        4         0
                text59                             1BA8     1BA8        6         0
                text58                             1BCA     1BCA        4         0
                text57                             1BA2     1BA2        6         0
                text56                             1B94     1B94        8         0
                text55                             1ACE     1ACE       14         0
                text54                             1BC6     1BC6        4         0
                text53                             14A4     14A4       7A         0
                text52                             1B42     1B42        A         0
                text51                             1AE2     1AE2        E         0
                text50                             1AF0     1AF0        C         0
                text49                             1114     1114       BE         0
                text48                             11D2     11D2       A4         0
                text47                             1B38     1B38        A         0
                text46                             1B8C     1B8C        8         0
                text45                             1B84     1B84        8         0
                text44                             1B7C     1B7C        8         0
                text43                             1B74     1B74        8         0
                text42                             1B6C     1B6C        8         0
                text41                             1B64     1B64        8         0
                text40                             1B5C     1B5C        8         0
                text39                             1B2E     1B2E        A         0
                text38                             16DC     16DC       64         0
                text37                             1BC2     1BC2        4         0
                text36                             1674     1674       68         0
                text35                             1B9C     1B9C        6         0
                text33                             1BBE     1BBE        4         0
                text32                             1BBA     1BBA        4         0
                text31                             1BB6     1BB6        4         0
                text30                             1898     1898       2E         0
                text29                             1BB2     1BB2        4         0
                text28                             17E2     17E2       44         0
                text27                             1B54     1B54        8         0
                text26                             1BAE     1BAE        4         0
                text25                             19BA     19BA       22         0
                text24                             1B24     1B24        A         0
                text23                             1276     1276       A2         0
                text22                             142A     142A       7A         0
                text21                             1A5E     1A5E       18         0
                text20                             1998     1998       22         0
                text19                             1A46     1A46       18         0
                text18                             13A8     13A8       82         0
                text17                             1A2E     1A2E       18         0
                text16                             151E     151E       78         0
                text15                             1AA4     1AA4       16         0
                text14                             1A16     1A16       18         0
                text13                             1740     1740       5E         0
                text12                             1318     1318       90         0
                text11                             160C     160C       68         0
                text10                             1B1A     1B1A        A         0
                text9                              1B10     1B10        A         0
                text8                              1B06     1B06        A         0
                text7                              179E     179E       44         0
                text6                              1ABA     1ABA       14         0
                text5                              1B4C     1B4C        8         0
                text4                              1AFC     1AFC        A         0
                text3                              1866     1866       32         0
                text2                              1A8E     1A8E       16         0
                text1                              19FE     19FE       18         0
                text0                              1040     1040       D4         0
                cinit                              1976     1976       22         0

        CLASS   CONST          

        CLASS   SMALLCONST     
                smallconst                         1000     1000       40         0

        CLASS   MEDIUMCONST    

        CLASS   COMRAM         
                temp                                 4A       4A        1         1
                cstackCOMRAM                         31       31       19         1
                bssCOMRAM                             1        1       30         1

        CLASS   ABS1           

        CLASS   BIGRAM         

        CLASS   RAM            

        CLASS   BANK0          
                cstackBANK0                          78       78       14         1
                bssBANK0                             60       60       18         1
                nvBANK0                              8C       8C        6         1

        CLASS   BANK1          

        CLASS   BANK2          

        CLASS   BANK3          

        CLASS   BANK4          

        CLASS   BANK5          

        CLASS   BANK6          

        CLASS   BANK7          

        CLASS   BANK8          

        CLASS   BANK9          

        CLASS   BANK10         

        CLASS   BANK11         

        CLASS   BANK12         

        CLASS   BANK13         

        CLASS   BANK14         

        CLASS   BANK15         

        CLASS   SFR            

        CLASS   BIGSFR         

        CLASS   CONFIG         
                config                           300000   300000        E         4

        CLASS   IDLOC          
                idloc                            200000   200000        8         5

        CLASS   EEDATA         

        CLASS   FARRAM         

        CLASS   HEAP           

        CLASS   STACK          



SEGMENTS        Name                           Load    Length   Top    Selector   Space  Class

                reset_vec                      000000  000004  000004         0       0  CODE    
                bssCOMRAM                      000001  00004A  00004B         1       1  COMRAM  
                intcode                        000008  0000B2  0000BA         4       0  CODE    
                bssBANK0                       000060  000032  000092        60       1  BANK0   
                smallconst                     001000  000040  001040       800       0  SMALLCON
                text0                          001040  000BA2  001BE2       820       0  CODE    


UNUSED ADDRESS RANGES

        Name                Unused          Largest block    Delta
        BANK0            000092-0000FF               6E
        BANK1            000100-0001FF              100
        BANK10           000A00-000AFF              100
        BANK11           000B00-000BFF              100
        BANK12           000C00-000CFF              100
        BANK13           000D00-000DFF              100
        BANK14           000E00-000EFF              100
        BANK15           000F00-000F5F               60
        BANK2            000200-0002FF              100
        BANK3            000300-0003FF              100
        BANK4            000400-0004FF              100
        BANK5            000500-0005FF              100
        BANK6            000600-0006FF              100
        BANK7            000700-0007FF              100
        BANK8            000800-0008FF              100
        BANK9            000900-0009FF              100
        BIGRAM           00004B-00005F               15
                         000092-000F5F              ECE
        BIGSFR           000F60-000FFF               A0
        CODE             000004-000007                4
                         0000BA-000FFF              F46
                         001BE2-00FFFF             E41E
        COMRAM           00004B-00005F               15
        CONST            000004-000007                4
                         0000BA-000FFF              F46
                         001BE2-00FFFF             E41E
        EEDATA           F00000-F003FF              400
        MEDIUMCONST      001BE2-00FFFF             E41E
        RAM              000092-000F5F              100
        SFR              000F60-000FFF               A0
        SMALLCONST       001BE2-00FFFF              100

                                  Symbol Table

?_RealTimeClockDS1307_Get_Date_Time               cstackBANK0  000084
EEPROM_24C02C_Read_Byte@Byte_Address              cstackBANK0  000084
EEPROM_24C02C_Read_Byte@EEPROM_Address            cstackBANK0  000085
EEPROM_24C02C_Read_Byte@RecValue                  cstackBANK0  000086
EEPROM_24C02C_Write_Byte@Byte_Address             cstackBANK0  000084
EEPROM_24C02C_Write_Byte@Data                     cstackBANK0  000085
EEPROM_24C02C_Write_Byte@EEPROM_Address           cstackBANK0  000086
EUSART_SetErrorHandler@interruptHandler           cstackBANK0  000078
EUSART_SetFramingErrorHandler@interruptHandler    cstackBANK0  000078
EUSART_SetOverrunErrorHandler@interruptHandler    cstackBANK0  000078
EUSART_Write@txData                               cstackBANK0  000078
I2C_CallbackReturnReset@funPtr                    cstackCOMRAM 00003A
I2C_Close@returnValue                             cstackBANK0  000078
I2C_MasterOperation@read                          cstackBANK0  000078
I2C_MasterOperation@returnValue                   cstackBANK0  000079
I2C_MasterSendTxData@data                         cstackCOMRAM 000031
I2C_Open@address                                  cstackBANK0  00007A
I2C_Open@returnValue                              cstackBANK0  00007B
I2C_Read1ByteRegister@address                     cstackBANK0  000082
I2C_Read1ByteRegister@reg                         cstackBANK0  000081
I2C_Read1ByteRegister@returnValue                 cstackBANK0  000083
I2C_SetAddressNackCallback@cb                     cstackBANK0  00007D
I2C_SetAddressNackCallback@ptr                    cstackBANK0  00007F
I2C_SetBuffer@buffer                              cstackBANK0  000078
I2C_SetBuffer@bufferSize                          cstackBANK0  00007A
I2C_SetCallback@cb                                cstackBANK0  000078
I2C_SetCallback@idx                               cstackBANK0  00007C
I2C_SetCallback@ptr                               cstackBANK0  00007A
I2C_SetDataCompleteCallback@cb                    cstackBANK0  00007D
I2C_SetDataCompleteCallback@ptr                   cstackBANK0  00007F
I2C_SetInterruptHandler@InterruptHandler          cstackBANK0  000078
I2C_Write1ByteRegister@address                    cstackBANK0  000083
I2C_Write1ByteRegister@data                       cstackBANK0  000082
I2C_Write1ByteRegister@reg                        cstackBANK0  000081
TempSensor_TC74_Read_Temp@TC74_Address            cstackBANK0  000084
TempSensor_TC74_Read_Temp@TC74_TempValue          cstackBANK0  000085
UART_LoggingDebugData_Send_String@String          cstackBANK0  000079
UART_LoggingDebugData_Send_String@String_Length   cstackBANK0  00007B
UART_LoggingDebugData_Send_String@l_String_Length cstackBANK0  00007D
_ANSEL                                            (abs)        000F7E
_ANSELH                                           (abs)        000F7F
_BAUDCON                                          (abs)        000FB8
_EEADR                                            (abs)        000FA9
_EEADRH                                           (abs)        000FAA
_EECON1bits                                       (abs)        000FA6
_EECON2                                           (abs)        000FA7
_EEDATA                                           (abs)        000FA8
_EEPROM_24C02C_Read_Byte                          text17       001A2E
_EEPROM_24C02C_Write_Byte                         text15       001AA4
_EUSART_DefaultErrorHandler                       (abs)        000000
_EUSART_DefaultFramingErrorHandler                (abs)        000000
_EUSART_DefaultOverrunErrorHandler                (abs)        000000
_EUSART_ErrorHandler                              nvBANK0      00008C
_EUSART_FramingErrorHandler                       nvBANK0      000090
_EUSART_Initialize                                text7        00179E
_EUSART_OverrunErrorHandler                       nvBANK0      00008E
_EUSART_SetErrorHandler                           text10       001B1A
_EUSART_SetFramingErrorHandler                    text9        001B10
_EUSART_SetOverrunErrorHandler                    text8        001B06
_EUSART_Write                                     text14       001A16
_I2C_CallbackReturnReset                          text61       001BD2
_I2C_CallbackReturnStop                           text62       001BD6
_I2C_Close                                        text30       001898
_I2C_DO_ADDRESS_NACK                              text38       0016DC
_I2C_DO_IDLE                                      text52       001B42
_I2C_DO_RCEN                                      text47       001B38
_I2C_DO_RESET                                     text39       001B2E
_I2C_DO_RX                                        text48       0011D2
_I2C_DO_RX_ACK                                    text42       001B6C
_I2C_DO_RX_NACK_RESTART                           text40       001B5C
_I2C_DO_RX_NACK_STOP                              text41       001B64
_I2C_DO_SEND_ADR_READ                             text51       001AE2
_I2C_DO_SEND_ADR_WRITE                            text50       001AF0
_I2C_DO_SEND_RESTART                              text44       001B7C
_I2C_DO_SEND_RESTART_READ                         text46       001B8C
_I2C_DO_SEND_RESTART_WRITE                        text45       001B84
_I2C_DO_SEND_STOP                                 text43       001B74
_I2C_DO_TX                                        text49       001114
_I2C_DO_TX_EMPTY                                  text53       0014A4
_I2C_Initialize                                   text6        001ABA
_I2C_MasterClearIrq                               text33       001BBE
_I2C_MasterClose                                  text32       001BBA
_I2C_MasterDisableIrq                             text31       001BB6
_I2C_MasterEnableIrq                              text26       001BAE
_I2C_MasterEnableRestart                          text72       001BDE
_I2C_MasterFsm                                    text36       001674
_I2C_MasterGetRxData                              text58       001BCA
_I2C_MasterIsNack                                 text55       001ACE
_I2C_MasterIsr                                    text35       001B9C
_I2C_MasterOpen                                   text25       0019BA
_I2C_MasterOperation                              text28       0017E2
_I2C_MasterSendAck                                text57       001BA2
_I2C_MasterSendNack                               text59       001BA8
_I2C_MasterSendTxData                             text56       001B94
_I2C_MasterSetIrq                                 text54       001BC6
_I2C_MasterStart                                  text29       001BB2
_I2C_MasterStartRx                                text60       001BCE
_I2C_MasterStop                                   text71       001BDA
_I2C_MasterWrite                                  text27       001B54
_I2C_Open                                         text23       001276
_I2C_Read1ByteRegister                            text18       0013A8
_I2C_SetAddressNackCallback                       text21       001A5E
_I2C_SetBuffer                                    text20       001998
_I2C_SetCallback                                  text22       00142A
_I2C_SetDataCompleteCallback                      text19       001A46
_I2C_SetInterruptHandler                          text24       001B24
_I2C_Status                                       bssCOMRAM    000001
_I2C_Write1ByteRegister                           text16       00151E
_INTCON2bits                                      (abs)        000FF1
_INTCONbits                                       (abs)        000FF2
_INTERRUPT_Initialize                             text5        001B4C
_INTERRUPT_InterruptManagerHigh                   intcode      000008
_IPR1bits                                         (abs)        000F9F
_IPR2bits                                         (abs)        000FA2
_LATA                                             (abs)        000F89
_LATB                                             (abs)        000F8A
_LATC                                             (abs)        000F8B
_LATD                                             (abs)        000F8C
_LATE                                             (abs)        000F8D
_MSSP_InterruptHandler                            bssCOMRAM    00002B
_OSCCON                                           (abs)        000FD3
_OSCILLATOR_Initialize                            text4        001AFC
_OSCTUNE                                          (abs)        000F9B
_PIE1bits                                         (abs)        000F9D
_PIE2bits                                         (abs)        000FA0
_PIN_MANAGER_Initialize                           text3        001866
_PIR1bits                                         (abs)        000F9E
_PIR2bits                                         (abs)        000FA1
_Print_RealTimeClockDS1307                        text12       001318
_RCONbits                                         (abs)        000FD0
_RCREG                                            (abs)        000FAE
_RCSTA                                            (abs)        000FAB
_RCSTAbits                                        (abs)        000FAB
_RealTimeClockDS1307                              bssBANK0     000060
_RealTimeClockDS1307@RealTimeclockDs$F1782        bssCOMRAM    000025
_RealTimeClockDS1307_Get_Date_Time                text11       00160C
_RealTimeClockDS1307_Pack                         bssBANK0     000066
_SPBRG                                            (abs)        000FAF
_SPBRGH                                           (abs)        000FB0
_SSPADD                                           (abs)        000FC8
_SSPBUF                                           (abs)        000FC9
_SSPCON1                                          (abs)        000FC6
_SSPCON1bits                                      (abs)        000FC6
_SSPCON2                                          (abs)        000FC5
_SSPCON2bits                                      (abs)        000FC5
_SSPSTAT                                          (abs)        000FC7
_SSPSTATbits                                      (abs)        000FC7
_SYSTEM_Initialize                                text2        001A8E
_TABLAT                                           (abs)        000FF5
_TBLPTRH                                          (abs)        000FF7
_TBLPTRL                                          (abs)        000FF6
_TBLPTRU                                          (abs)        000FF8
_TC74_A7_TempValue                                bssCOMRAM    00002D
_TRISA                                            (abs)        000F92
_TRISB                                            (abs)        000F93
_TRISC                                            (abs)        000F94
_TRISD                                            (abs)        000F95
_TRISE                                            (abs)        000F96
_TXREG                                            (abs)        000FAD
_TXSTA                                            (abs)        000FAC
_TXSTAbits                                        (abs)        000FAC
_TempSensor_TC74_Read_Temp                        text1        0019FE
_U4RecValue                                       bssCOMRAM    00002F
_U5RecValue                                       bssCOMRAM    00002E
_UART_LoggingDebugData_Send_String                text13       001740
_WPUB                                             (abs)        000F7C
__HRAM                                            (abs)        000000
__H__absolute__                                   __absolute__ 000000
__Habs1                                           abs1         000000
__Hbank0                                          bank0        000000
__Hbank1                                          bank1        000000
__Hbank10                                         bank10       000000
__Hbank11                                         bank11       000000
__Hbank12                                         bank12       000000
__Hbank13                                         bank13       000000
__Hbank14                                         bank14       000000
__Hbank15                                         bank15       000000
__Hbank2                                          bank2        000000
__Hbank3                                          bank3        000000
__Hbank4                                          bank4        000000
__Hbank5                                          bank5        000000
__Hbank6                                          bank6        000000
__Hbank7                                          bank7        000000
__Hbank8                                          bank8        000000
__Hbank9                                          bank9        000000
__Hbigbss                                         bigbss       000000
__Hbigdata                                        bigdata      000000
__Hbigram                                         bigram       000000
__Hbigsfr                                         bigsfr       000000
__Hbss                                            bss          000000
__HbssBANK0                                       bssBANK0     000000
__HbssCOMRAM                                      bssCOMRAM    000000
__Hcinit                                          cinit        000000
__Hclrtext                                        clrtext      000000
__Hcomram                                         comram       000000
__Hconfig                                         config       30000E
__Hconst                                          const        000000
__HcstackBANK0                                    cstackBANK0  000000
__HcstackCOMRAM                                   cstackCOMRAM 000000
__Hdata                                           data         000000
__Heeprom_data                                    eeprom_data  000000
__Hfarbss                                         farbss       000000
__Hfardata                                        fardata      000000
__Hheap                                           heap         000000
__Hibigdata                                       ibigdata     000000
__Hidata                                          idata        000000
__Hidloc                                          idloc        200008
__Hifardata                                       ifardata     000000
__Hinit                                           init         0000BA
__Hintcode                                        intcode      0000B6
__Hintcode_body                                   intcode_body 000000
__Hintcodelo                                      intcodelo    0000B6
__Hintentry                                       intentry     000000
__Hintret                                         intret       000000
__Hintsave_regs                                   intsave_regs 000000
__Hirdata                                         irdata       000000
__Hmediumconst                                    mediumconst  000000
__HnvBANK0                                        nvBANK0      000000
__HnvFARRAM                                       nvFARRAM     000000
__Hnvbit                                          nvbit        000000
__Hnvrram                                         nvrram       000000
__Hparam                                          rparam       000000
__Hpowerup                                        powerup      0000B6
__Hram                                            ram          000000
__Hramtop                                         ramtop       001000
__Hrbit                                           rbit         000000
__Hrbss                                           rbss         000000
__Hrdata                                          rdata        000000
__Hreset_vec                                      reset_vec    000004
__Hrparam                                         rparam       000000
__Hsfr                                            sfr          000000
__Hsmallconst                                     smallconst   001040
__Hspace_0                                        (abs)        001BE2
__Hspace_1                                        (abs)        000092
__Hspace_2                                        (abs)        000000
__Hspace_4                                        (abs)        60000E
__Hstack                                          stack        000000
__Hstruct                                         struct       000000
__Htemp                                           temp         00004B
__Htext                                           text         000000
__Htext0                                          text0        000000
__Htext1                                          text1        000000
__Htext10                                         text10       000000
__Htext11                                         text11       000000
__Htext12                                         text12       000000
__Htext13                                         text13       000000
__Htext14                                         text14       000000
__Htext15                                         text15       000000
__Htext16                                         text16       000000
__Htext17                                         text17       000000
__Htext18                                         text18       000000
__Htext19                                         text19       000000
__Htext2                                          text2        000000
__Htext20                                         text20       000000
__Htext21                                         text21       000000
__Htext22                                         text22       000000
__Htext23                                         text23       000000
__Htext24                                         text24       000000
__Htext25                                         text25       000000
__Htext26                                         text26       000000
__Htext27                                         text27       000000
__Htext28                                         text28       000000
__Htext29                                         text29       000000
__Htext3                                          text3        000000
__Htext30                                         text30       000000
__Htext31                                         text31       000000
__Htext32                                         text32       000000
__Htext33                                         text33       000000
__Htext35                                         text35       000000
__Htext36                                         text36       000000
__Htext37                                         text37       000000
__Htext38                                         text38       000000
__Htext39                                         text39       000000
__Htext4                                          text4        000000
__Htext40                                         text40       000000
__Htext41                                         text41       000000
__Htext42                                         text42       000000
__Htext43                                         text43       000000
__Htext44                                         text44       000000
__Htext45                                         text45       000000
__Htext46                                         text46       000000
__Htext47                                         text47       000000
__Htext48                                         text48       000000
__Htext49                                         text49       000000
__Htext5                                          text5        000000
__Htext50                                         text50       000000
__Htext51                                         text51       000000
__Htext52                                         text52       000000
__Htext53                                         text53       000000
__Htext54                                         text54       000000
__Htext55                                         text55       000000
__Htext56                                         text56       000000
__Htext57                                         text57       000000
__Htext58                                         text58       000000
__Htext59                                         text59       000000
__Htext6                                          text6        000000
__Htext60                                         text60       000000
__Htext61                                         text61       000000
__Htext62                                         text62       000000
__Htext63                                         text63       000000
__Htext64                                         text64       000000
__Htext65                                         text65       000000
__Htext66                                         text66       000000
__Htext67                                         text67       000000
__Htext68                                         text68       000000
__Htext69                                         text69       000000
__Htext7                                          text7        000000
__Htext70                                         text70       000000
__Htext71                                         text71       000000
__Htext72                                         text72       000000
__Htext73                                         text73       000000
__Htext8                                          text8        000000
__Htext9                                          text9        000000
__LRAM                                            (abs)        000001
__L__absolute__                                   __absolute__ 000000
__Labs1                                           abs1         000000
__Lbank0                                          bank0        000000
__Lbank1                                          bank1        000000
__Lbank10                                         bank10       000000
__Lbank11                                         bank11       000000
__Lbank12                                         bank12       000000
__Lbank13                                         bank13       000000
__Lbank14                                         bank14       000000
__Lbank15                                         bank15       000000
__Lbank2                                          bank2        000000
__Lbank3                                          bank3        000000
__Lbank4                                          bank4        000000
__Lbank5                                          bank5        000000
__Lbank6                                          bank6        000000
__Lbank7                                          bank7        000000
__Lbank8                                          bank8        000000
__Lbank9                                          bank9        000000
__Lbigbss                                         bigbss       000000
__Lbigdata                                        bigdata      000000
__Lbigram                                         bigram       000000
__Lbigsfr                                         bigsfr       000000
__Lbss                                            bss          000000
__LbssBANK0                                       bssBANK0     000000
__LbssCOMRAM                                      bssCOMRAM    000000
__Lcinit                                          cinit        000000
__Lclrtext                                        clrtext      000000
__Lcomram                                         comram       000000
__Lconfig                                         config       000000
__Lconst                                          const        000000
__LcstackBANK0                                    cstackBANK0  000000
__LcstackCOMRAM                                   cstackCOMRAM 000000
__Ldata                                           data         000000
__Leeprom_data                                    eeprom_data  000000
__Lfarbss                                         farbss       000000
__Lfardata                                        fardata      000000
__Lheap                                           heap         000000
__Libigdata                                       ibigdata     000000
__Lidata                                          idata        000000
__Lidloc                                          idloc        000000
__Lifardata                                       ifardata     000000
__Linit                                           init         0000B6
__Lintcode                                        intcode      000008
__Lintcode_body                                   intcode_body 000000
__Lintcodelo                                      intcodelo    0000B6
__Lintentry                                       intentry     000000
__Lintret                                         intret       000000
__Lintsave_regs                                   intsave_regs 000000
__Lirdata                                         irdata       000000
__Lmediumconst                                    mediumconst  000000
__LnvBANK0                                        nvBANK0      000000
__LnvFARRAM                                       nvFARRAM     000000
__Lnvbit                                          nvbit        000000
__Lnvrram                                         nvrram       000000
__Lparam                                          rparam       000000
__Lpowerup                                        powerup      0000B6
__Lram                                            ram          000000
__Lramtop                                         ramtop       001000
__Lrbit                                           rbit         000000
__Lrbss                                           rbss         000000
__Lrdata                                          rdata        000000
__Lreset_vec                                      reset_vec    000000
__Lrparam                                         rparam       000000
__Lsfr                                            sfr          000000
__Lsmallconst                                     smallconst   001000
__Lspace_0                                        (abs)        000000
__Lspace_1                                        (abs)        000000
__Lspace_2                                        (abs)        000000
__Lspace_4                                        (abs)        000000
__Lstack                                          stack        000000
__Lstruct                                         struct       000000
__Ltemp                                           temp         00004A
__Ltext                                           text         000000
__Ltext0                                          text0        000000
__Ltext1                                          text1        000000
__Ltext10                                         text10       000000
__Ltext11                                         text11       000000
__Ltext12                                         text12       000000
__Ltext13                                         text13       000000
__Ltext14                                         text14       000000
__Ltext15                                         text15       000000
__Ltext16                                         text16       000000
__Ltext17                                         text17       000000
__Ltext18                                         text18       000000
__Ltext19                                         text19       000000
__Ltext2                                          text2        000000
__Ltext20                                         text20       000000
__Ltext21                                         text21       000000
__Ltext22                                         text22       000000
__Ltext23                                         text23       000000
__Ltext24                                         text24       000000
__Ltext25                                         text25       000000
__Ltext26                                         text26       000000
__Ltext27                                         text27       000000
__Ltext28                                         text28       000000
__Ltext29                                         text29       000000
__Ltext3                                          text3        000000
__Ltext30                                         text30       000000
__Ltext31                                         text31       000000
__Ltext32                                         text32       000000
__Ltext33                                         text33       000000
__Ltext35                                         text35       000000
__Ltext36                                         text36       000000
__Ltext37                                         text37       000000
__Ltext38                                         text38       000000
__Ltext39                                         text39       000000
__Ltext4                                          text4        000000
__Ltext40                                         text40       000000
__Ltext41                                         text41       000000
__Ltext42                                         text42       000000
__Ltext43                                         text43       000000
__Ltext44                                         text44       000000
__Ltext45                                         text45       000000
__Ltext46                                         text46       000000
__Ltext47                                         text47       000000
__Ltext48                                         text48       000000
__Ltext49                                         text49       000000
__Ltext5                                          text5        000000
__Ltext50                                         text50       000000
__Ltext51                                         text51       000000
__Ltext52                                         text52       000000
__Ltext53                                         text53       000000
__Ltext54                                         text54       000000
__Ltext55                                         text55       000000
__Ltext56                                         text56       000000
__Ltext57                                         text57       000000
__Ltext58                                         text58       000000
__Ltext59                                         text59       000000
__Ltext6                                          text6        000000
__Ltext60                                         text60       000000
__Ltext61                                         text61       000000
__Ltext62                                         text62       000000
__Ltext63                                         text63       000000
__Ltext64                                         text64       000000
__Ltext65                                         text65       000000
__Ltext66                                         text66       000000
__Ltext67                                         text67       000000
__Ltext68                                         text68       000000
__Ltext69                                         text69       000000
__Ltext7                                          text7        000000
__Ltext70                                         text70       000000
__Ltext71                                         text71       000000
__Ltext72                                         text72       000000
__Ltext73                                         text73       000000
__Ltext8                                          text8        000000
__Ltext9                                          text9        000000
__S0                                              (abs)        001BE2
__S1                                              (abs)        000092
__S4                                              (abs)        000000
__S5                                              (abs)        000000
___heap_hi                                        (abs)        000000
___heap_lo                                        (abs)        000000
___inthi_sp                                       stack        000000
___intlo_sp                                       stack        000000
___param_bank                                     (abs)        000000
___rparam_used                                    (abs)        000001
___sp                                             stack        000000
__accesstop                                       (abs)        000060
__activetblptr                                    (abs)        000003
__end_of_EEPROM_24C02C_Read_Byte                  text17       001A46
__end_of_EEPROM_24C02C_Write_Byte                 text15       001ABA
__end_of_EUSART_Initialize                        text7        0017E2
__end_of_EUSART_SetErrorHandler                   text10       001B24
__end_of_EUSART_SetFramingErrorHandler            text9        001B1A
__end_of_EUSART_SetOverrunErrorHandler            text8        001B10
__end_of_EUSART_Write                             text14       001A2E
__end_of_I2C_CallbackReturnReset                  text61       001BD6
__end_of_I2C_CallbackReturnStop                   text62       001BDA
__end_of_I2C_Close                                text30       0018C6
__end_of_I2C_DO_ADDRESS_NACK                      text38       001740
__end_of_I2C_DO_IDLE                              text52       001B4C
__end_of_I2C_DO_RCEN                              text47       001B42
__end_of_I2C_DO_RESET                             text39       001B38
__end_of_I2C_DO_RX                                text48       001276
__end_of_I2C_DO_RX_ACK                            text42       001B74
__end_of_I2C_DO_RX_NACK_RESTART                   text40       001B64
__end_of_I2C_DO_RX_NACK_STOP                      text41       001B6C
__end_of_I2C_DO_SEND_ADR_READ                     text51       001AF0
__end_of_I2C_DO_SEND_ADR_WRITE                    text50       001AFC
__end_of_I2C_DO_SEND_RESTART                      text44       001B84
__end_of_I2C_DO_SEND_RESTART_READ                 text46       001B94
__end_of_I2C_DO_SEND_RESTART_WRITE                text45       001B8C
__end_of_I2C_DO_SEND_STOP                         text43       001B7C
__end_of_I2C_DO_TX                                text49       0011D2
__end_of_I2C_DO_TX_EMPTY                          text53       00151E
__end_of_I2C_Initialize                           text6        001ACE
__end_of_I2C_MasterClearIrq                       text33       001BC2
__end_of_I2C_MasterClose                          text32       001BBE
__end_of_I2C_MasterDisableIrq                     text31       001BBA
__end_of_I2C_MasterEnableIrq                      text26       001BB2
__end_of_I2C_MasterEnableRestart                  text72       001BE2
__end_of_I2C_MasterFsm                            text36       0016DC
__end_of_I2C_MasterGetRxData                      text58       001BCE
__end_of_I2C_MasterIsNack                         text55       001AE2
__end_of_I2C_MasterIsr                            text35       001BA2
__end_of_I2C_MasterOpen                           text25       0019DC
__end_of_I2C_MasterOperation                      text28       001826
__end_of_I2C_MasterSendAck                        text57       001BA8
__end_of_I2C_MasterSendNack                       text59       001BAE
__end_of_I2C_MasterSendTxData                     text56       001B9C
__end_of_I2C_MasterSetIrq                         text54       001BCA
__end_of_I2C_MasterStart                          text29       001BB6
__end_of_I2C_MasterStartRx                        text60       001BD2
__end_of_I2C_MasterStop                           text71       001BDE
__end_of_I2C_MasterWrite                          text27       001B5C
__end_of_I2C_Open                                 text23       001318
__end_of_I2C_Read1ByteRegister                    text18       00142A
__end_of_I2C_SetAddressNackCallback               text21       001A76
__end_of_I2C_SetBuffer                            text20       0019BA
__end_of_I2C_SetCallback                          text22       0014A4
__end_of_I2C_SetDataCompleteCallback              text19       001A5E
__end_of_I2C_SetInterruptHandler                  text24       001B2E
__end_of_I2C_Write1ByteRegister                   text16       001596
__end_of_INTERRUPT_Initialize                     text5        001B54
__end_of_INTERRUPT_InterruptManagerHigh           intcode      0000B6
__end_of_OSCILLATOR_Initialize                    text4        001B06
__end_of_PIN_MANAGER_Initialize                   text3        001898
__end_of_Print_RealTimeClockDS1307                text12       0013A8
__end_of_RealTimeClockDS1307_Get_Date_Time        text11       001674
__end_of_SYSTEM_Initialize                        text2        001AA4
__end_of_TempSensor_TC74_Read_Temp                text1        001A16
__end_of_UART_LoggingDebugData_Send_String        text13       00179E
__end_of__initialization                          cinit        00198E
__end_of_i2c_fsmStateTable                        smallconst   001021
__end_of_main                                     text0        001114
__end_of_rd1RegCompleteHandler                    text66       00194A
__end_of_rd2RegCompleteHandler                    text65       00191E
__end_of_rdBlkRegCompleteHandler                  text63       001866
__end_of_wr1RegCompleteHandler                    text64       0018F2
__end_of_wr2RegCompleteHandler                    text67       001976
__end_ofi2_I2C_MasterClearIrq                     text37       001BC6
__end_ofi2_I2C_SetBuffer                          text70       0019FE
__end_ofi2_I2C_SetCallback                        text69       00160C
__end_ofi2_I2C_SetDataCompleteCallback            text68       001A8E
__initialization                                  cinit        001976
__mediumconst                                     mediumconst  000000
__pbssBANK0                                       bssBANK0     000060
__pbssCOMRAM                                      bssCOMRAM    000001
__pcinit                                          cinit        001976
__pcstackBANK0                                    cstackBANK0  000078
__pcstackCOMRAM                                   cstackCOMRAM 000031
__pintcode                                        intcode      000008
__pnvBANK0                                        nvBANK0      00008C
__psmallconst                                     smallconst   001000
__ptext0                                          text0        001040
__ptext1                                          text1        0019FE
__ptext10                                         text10       001B1A
__ptext11                                         text11       00160C
__ptext12                                         text12       001318
__ptext13                                         text13       001740
__ptext14                                         text14       001A16
__ptext15                                         text15       001AA4
__ptext16                                         text16       00151E
__ptext17                                         text17       001A2E
__ptext18                                         text18       0013A8
__ptext19                                         text19       001A46
__ptext2                                          text2        001A8E
__ptext20                                         text20       001998
__ptext21                                         text21       001A5E
__ptext22                                         text22       00142A
__ptext23                                         text23       001276
__ptext24                                         text24       001B24
__ptext25                                         text25       0019BA
__ptext26                                         text26       001BAE
__ptext27                                         text27       001B54
__ptext28                                         text28       0017E2
__ptext29                                         text29       001BB2
__ptext3                                          text3        001866
__ptext30                                         text30       001898
__ptext31                                         text31       001BB6
__ptext32                                         text32       001BBA
__ptext33                                         text33       001BBE
__ptext35                                         text35       001B9C
__ptext36                                         text36       001674
__ptext37                                         text37       001BC2
__ptext38                                         text38       0016DC
__ptext39                                         text39       001B2E
__ptext4                                          text4        001AFC
__ptext40                                         text40       001B5C
__ptext41                                         text41       001B64
__ptext42                                         text42       001B6C
__ptext43                                         text43       001B74
__ptext44                                         text44       001B7C
__ptext45                                         text45       001B84
__ptext46                                         text46       001B8C
__ptext47                                         text47       001B38
__ptext48                                         text48       0011D2
__ptext49                                         text49       001114
__ptext5                                          text5        001B4C
__ptext50                                         text50       001AF0
__ptext51                                         text51       001AE2
__ptext52                                         text52       001B42
__ptext53                                         text53       0014A4
__ptext54                                         text54       001BC6
__ptext55                                         text55       001ACE
__ptext56                                         text56       001B94
__ptext57                                         text57       001BA2
__ptext58                                         text58       001BCA
__ptext59                                         text59       001BA8
__ptext6                                          text6        001ABA
__ptext60                                         text60       001BCE
__ptext61                                         text61       001BD2
__ptext62                                         text62       001BD6
__ptext63                                         text63       001826
__ptext64                                         text64       0018C6
__ptext65                                         text65       0018F2
__ptext66                                         text66       00191E
__ptext67                                         text67       00194A
__ptext68                                         text68       001A76
__ptext69                                         text69       001596
__ptext7                                          text7        00179E
__ptext70                                         text70       0019DC
__ptext71                                         text71       001BDA
__ptext72                                         text72       001BDE
__ptext73                                         text73       000000
__ptext8                                          text8        001B06
__ptext9                                          text9        001B10
__ramtop                                          ramtop       001000
__smallconst                                      smallconst   001000
_eusartRxLastError                                bssCOMRAM    000030
_i2c_fsmStateTable                                smallconst   001001
_main                                             text0        001040
_rd1RegCompleteHandler                            text66       00191E
_rd2RegCompleteHandler                            text65       0018F2
_rdBlkRegCompleteHandler                          text63       001826
_wr1RegCompleteHandler                            text64       0018C6
_wr2RegCompleteHandler                            text67       00194A
btemp                                             temp         00004A
end_of_initialization                             cinit        00198E
i2I2C_SetBuffer@buffer                            cstackCOMRAM 000031
i2I2C_SetBuffer@bufferSize                        cstackCOMRAM 000033
i2I2C_SetCallback@cb                              cstackCOMRAM 000031
i2I2C_SetCallback@idx                             cstackCOMRAM 000035
i2I2C_SetCallback@ptr                             cstackCOMRAM 000033
i2I2C_SetDataCompleteCallback@cb                  cstackCOMRAM 000036
i2I2C_SetDataCompleteCallback@ptr                 cstackCOMRAM 000038
i2_I2C_MasterClearIrq                             text37       001BC2
i2_I2C_SetBuffer                                  text70       0019DC
i2_I2C_SetCallback                                text69       001596
i2_I2C_SetDataCompleteCallback                    text68       001A76
int$flags                                         temp         00004A
intlevel0                                         text         000000
intlevel1                                         text         000000
intlevel2                                         text         000000
intlevel3                                         text         000000
isa$std                                           (abs)        000001
isa$xinst                                         (abs)        000000
rd1RegCompleteHandler@ptr                         cstackCOMRAM 00003A
rd2RegCompleteHandler@ptr                         cstackCOMRAM 00003A
rdBlkRegCompleteHandler@ptr                       cstackCOMRAM 00003A
stackhi                                           (abs)        000000
stacklo                                           (abs)        000000
start                                             init         0000B6
start_initialization                              cinit        001976
ttemp5                                            temp         00004B
ttemp6                                            temp         00004E
ttemp7                                            temp         000052
wr1RegCompleteHandler@ptr                         cstackCOMRAM 00003A
wr2RegCompleteHandler@ptr                         cstackCOMRAM 00003A
wtemp8                                            temp         00004B


MODULE INFORMATION

Module		Function		Class		Link	Load	Size
AECUL_Modules/TemSensor_TC74/TemSensor_TC74.c
		_TempSensor_TC74_Read_Temp		CODE           	19FE	0000	24

AECUL_Modules/TemSensor_TC74/TemSensor_TC74.c estimated size: 24

mcc_generated_files/interrupt_manager.c
		_INTERRUPT_Initialize		CODE           	1B4C	0000	8
		_INTERRUPT_InterruptManagerHigh		CODE           	0008	0000	174

mcc_generated_files/interrupt_manager.c estimated size: 182

mcc_generated_files/examples/i2c_master_example.c
		_wr1RegCompleteHandler		CODE           	18C6	0000	44
		_wr2RegCompleteHandler		CODE           	194A	0000	44
		_I2C_Write1ByteRegister		CODE           	151E	0000	120
		_I2C_Read1ByteRegister		CODE           	13A8	0000	130
		_rdBlkRegCompleteHandler		CODE           	1826	0000	64
		_rd1RegCompleteHandler		CODE           	191E	0000	44
		_rd2RegCompleteHandler		CODE           	18F2	0000	44

mcc_generated_files/examples/i2c_master_example.c estimated size: 490

mcc_generated_files/pin_manager.c
		_PIN_MANAGER_Initialize		CODE           	1866	0000	50

mcc_generated_files/pin_manager.c estimated size: 50

AECUL_Modules/EEPROM_24C02C/EEPROM_24C02C.c
		_EEPROM_24C02C_Write_Byte		CODE           	1AA4	0000	22
		_EEPROM_24C02C_Read_Byte		CODE           	1A2E	0000	24

AECUL_Modules/EEPROM_24C02C/EEPROM_24C02C.c estimated size: 46

shared
		i2_I2C_SetBuffer		CODE           	19DC	0000	34
		__initialization		CODE           	1976	0000	24
		i2_I2C_SetCallback		CODE           	1596	0000	118
		i2_I2C_SetDataCompleteCallback		CODE           	1A76	0000	24
		i2_I2C_MasterClearIrq		CODE           	1BC2	0000	4
		_i2c_fsmStateTable		SMALLCONST     	1001	0000	32

shared estimated size: 236

mcc_generated_files/mcc.c
		_OSCILLATOR_Initialize		CODE           	1AFC	0000	10
		_SYSTEM_Initialize		CODE           	1A8E	0000	22

mcc_generated_files/mcc.c estimated size: 32

AECUL_Modules/RealTimeclockDs/RealTimeclockDs.c
		_Print_RealTimeClockDS1307		CODE           	1318	0000	144
		_RealTimeClockDS1307_Get_Date_Time		CODE           	160C	0000	104

AECUL_Modules/RealTimeclockDs/RealTimeclockDs.c estimated size: 248

AECUL_Modules/UART_LoggingDebugData/UART_LoggingDebugData.c
		_UART_LoggingDebugData_Send_String		CODE           	1740	0000	94

AECUL_Modules/UART_LoggingDebugData/UART_LoggingDebugData.c estimated size: 94

mcc_generated_files/i2c_master.c
		_I2C_Close     		CODE           	1898	0000	46
		_I2C_MasterStartRx		CODE           	1BCE	0000	4
		_I2C_DO_SEND_ADR_WRITE		CODE           	1AF0	0000	12
		_I2C_DO_SEND_STOP		CODE           	1B74	0000	8
		_I2C_MasterSendNack		CODE           	1BA8	0000	6
		_I2C_MasterDisableIrq		CODE           	1BB6	0000	4
		_I2C_CallbackReturnStop		CODE           	1BD6	0000	4
		_I2C_MasterOperation		CODE           	17E2	0000	68
		_I2C_DO_SEND_ADR_READ		CODE           	1AE2	0000	14
		_I2C_DO_RX_NACK_STOP		CODE           	1B64	0000	8
		_I2C_DO_SEND_RESTART		CODE           	1B7C	0000	8
		_I2C_DO_RX     		CODE           	11D2	0000	164
		_I2C_DO_TX     		CODE           	1114	0000	190
		_I2C_DO_IDLE   		CODE           	1B42	0000	10
		_I2C_DO_RCEN   		CODE           	1B38	0000	10
		_I2C_DO_RESET  		CODE           	1B2E	0000	10
		_I2C_MasterClose		CODE           	1BBA	0000	4
		_I2C_MasterWrite		CODE           	1B54	0000	8
		_I2C_DO_RX_ACK 		CODE           	1B6C	0000	8
		_I2C_MasterStart		CODE           	1BB2	0000	4
		_I2C_MasterClearIrq		CODE           	1BBE	0000	4
		_I2C_MasterGetRxData		CODE           	1BCA	0000	4
		_I2C_SetCallback		CODE           	142A	0000	122
		_I2C_DO_ADDRESS_NACK		CODE           	16DC	0000	100
		_I2C_MasterEnableRestart		CODE           	1BDE	0000	4
		_I2C_CallbackReturnReset		CODE           	1BD2	0000	4
		_I2C_Open      		CODE           	1276	0000	162
		_I2C_SetAddressNackCallback		CODE           	1A5E	0000	24
		_I2C_DO_TX_EMPTY		CODE           	14A4	0000	122
		_I2C_DO_SEND_RESTART_WRITE		CODE           	1B84	0000	8
		_I2C_MasterIsNack		CODE           	1ACE	0000	20
		_I2C_SetDataCompleteCallback		CODE           	1A46	0000	24
		_I2C_DO_RX_NACK_RESTART		CODE           	1B5C	0000	8
		_I2C_MasterSendAck		CODE           	1BA2	0000	6
		_I2C_MasterFsm 		CODE           	1674	0000	104
		_I2C_MasterIsr 		CODE           	1B9C	0000	6
		_I2C_MasterSetIrq		CODE           	1BC6	0000	4
		_I2C_DO_SEND_RESTART_READ		CODE           	1B8C	0000	8
		_I2C_MasterEnableIrq		CODE           	1BAE	0000	4
		_I2C_Initialize		CODE           	1ABA	0000	20
		_I2C_SetBuffer 		CODE           	1998	0000	34
		_I2C_SetInterruptHandler		CODE           	1B24	0000	10
		_I2C_MasterOpen		CODE           	19BA	0000	34
		_I2C_MasterSendTxData		CODE           	1B94	0000	8
		_I2C_MasterStop		CODE           	1BDA	0000	4

mcc_generated_files/i2c_master.c estimated size: 1438

mcc_generated_files/eusart.c
		_EUSART_Write  		CODE           	1A16	0000	24
		_EUSART_Initialize		CODE           	179E	0000	68
		_EUSART_SetFramingErrorHandler		CODE           	1B10	0000	10
		_EUSART_SetErrorHandler		CODE           	1B1A	0000	10
		_EUSART_SetOverrunErrorHandler		CODE           	1B06	0000	10

mcc_generated_files/eusart.c estimated size: 122

main.c
		_main          		CODE           	1040	0000	212

main.c estimated size: 212

